c:\Users\mriley7\workspace\USCore_javalib\src\main\java\edu\gatech\chai\USCore\model\util\USCoreDiagnosticReportLabUtil.java
c:\Users\mriley7\workspace\USCore_javalib\src\main\java\edu\gatech\chai\USCore\model\USCoreAllergyIntolerance.java
c:\Users\mriley7\workspace\USCore_javalib\src\main\java\edu\gatech\chai\USCore\model\USCoreDiagnosticReportNote.java
c:\Users\mriley7\workspace\USCore_javalib\src\main\java\edu\gatech\chai\USCore\model\USCoreOrganization.java
c:\Users\mriley7\workspace\USCore_javalib\src\main\java\edu\gatech\chai\USCore\model\util\USCoreVitalSignsUtil.java
c:\Users\mriley7\workspace\USCore_javalib\src\main\java\edu\gatech\chai\USCore\model\USCoreCareTeam.java
c:\Users\mriley7\workspace\USCore_javalib\src\main\java\edu\gatech\chai\USCore\model\util\CommonUtil.java
c:\Users\mriley7\workspace\USCore_javalib\src\main\java\edu\gatech\chai\USCore\model\USCoreDiagnosticReportLab.java
c:\Users\mriley7\workspace\USCore_javalib\src\main\java\edu\gatech\chai\USCore\model\USCoreVitalSigns.java
c:\Users\mriley7\workspace\USCore_javalib\src\main\java\edu\gatech\chai\USCore\model\USCorePractitioner.java
c:\Users\mriley7\workspace\USCore_javalib\src\main\java\edu\gatech\chai\USCore\model\util\USCoreCarePlanUtil.java
c:\Users\mriley7\workspace\USCore_javalib\src\main\java\edu\gatech\chai\USCore\context\USCoreContext.java
c:\Users\mriley7\workspace\USCore_javalib\src\main\java\edu\gatech\chai\USCore\model\USCoreCarePlan.java
c:\Users\mriley7\workspace\USCore_javalib\src\main\java\edu\gatech\chai\USCore\model\USCoreCondition.java
